package issue24327

func f() {
}

func _() {
	f(BadExpr)
}
