// DO NOT EDIT (use 'go test -update-expected' instead))
T_simple
// Flags: FuncPropUnconditionalPanicExit
===
{
	"Flags": 1,
	"RecvrParamFlags": [],
	"ReturnFlags": []
}
=-=-=-
T_nested
// Flags: FuncPropUnconditionalPanicExit
// RecvrParamFlags:
//   0: ParamFeedsIfOrSwitch
===
{
	"Flags": 1,
	"RecvrParamFlags": [
		8
	],
	"ReturnFlags": []
}
=-=-=-
T_block1
// Flags: FuncPropUnconditionalPanicExit
// RecvrParamFlags:
//   0: ParamFeedsIfOrSwitch
===
{
	"Flags": 1,
	"RecvrParamFlags": [
		8
	],
	"ReturnFlags": []
}
=-=-=-
T_block2
// RecvrParamFlags:
//   0: ParamFeedsIfOrSwitch
===
{
	"Flags": 0,
	"RecvrParamFlags": [
		8
	],
	"ReturnFlags": []
}
=-=-=-
T_switches1
// Flags: FuncPropUnconditionalPanicExit
// RecvrParamFlags:
//   0: ParamFeedsIfOrSwitch
===
{
	"Flags": 1,
	"RecvrParamFlags": [
		8
	],
	"ReturnFlags": []
}
=-=-=-
T_switches1a
// RecvrParamFlags:
//   0: ParamFeedsIfOrSwitch
===
{
	"Flags": 0,
	"RecvrParamFlags": [
		8
	],
	"ReturnFlags": []
}
=-=-=-
T_switches2
// RecvrParamFlags:
//   0: ParamFeedsIfOrSwitch
===
{
	"Flags": 0,
	"RecvrParamFlags": [
		8
	],
	"ReturnFlags": []
}
=-=-=-
T_switches3
===
{
	"Flags": 0,
	"RecvrParamFlags": [
		0
	],
	"ReturnFlags": []
}
=-=-=-
T_switches4
// Flags: FuncPropUnconditionalPanicExit
// RecvrParamFlags:
//   0: ParamFeedsIfOrSwitch
===
{
	"Flags": 1,
	"RecvrParamFlags": [
		8
	],
	"ReturnFlags": []
}
=-=-=-
T_recov
===
{
	"Flags": 0,
	"RecvrParamFlags": [
		0
	],
	"ReturnFlags": []
}
=-=-=-
T_forloops1
// Flags: FuncPropUnconditionalPanicExit
===
{
	"Flags": 1,
	"RecvrParamFlags": [
		0
	],
	"ReturnFlags": []
}
=-=-=-
T_forloops2
===
{
	"Flags": 0,
	"RecvrParamFlags": [
		0
	],
	"ReturnFlags": []
}
=-=-=-
T_forloops3
===
{
	"Flags": 0,
	"RecvrParamFlags": [
		0
	],
	"ReturnFlags": []
}
=-=-=-
T_hasgotos
===
{
	"Flags": 0,
	"RecvrParamFlags": [
		0,
		0
	],
	"ReturnFlags": []
}
=-=-=-
T_callsexit
// Flags: FuncPropUnconditionalPanicExit
// RecvrParamFlags:
//   0: ParamFeedsIfOrSwitch
===
{
	"Flags": 1,
	"RecvrParamFlags": [
		8
	],
	"ReturnFlags": []
}
=-=-=-
exprcallsexit
// Flags: FuncPropUnconditionalPanicExit
===
{
	"Flags": 1,
	"RecvrParamFlags": [
		0
	],
	"ReturnFlags": [
		0
	]
}
=-=-=-
T_exitinexpr
===
{
	"Flags": 0,
	"RecvrParamFlags": [
		0
	],
	"ReturnFlags": []
}
=-=-=-
T_calls_callsexit
// Flags: FuncPropUnconditionalPanicExit
===
{
	"Flags": 1,
	"RecvrParamFlags": [
		0
	],
	"ReturnFlags": []
}
=-=-=-
